// Jest Snapshot v1, https://goo.gl/fbAQLP

exports[`Argument of type '"A"' is not assignable to parameter of type '"B"'. (type) should match snapshot 1`] = `"Argument of type '\\"A\\"' is not assignable to parameter of type '\\"B\\"'."`;

exports[`Argument of type '"B"' is not assignable to parameter of type '"A"'. (type) should match snapshot 1`] = `"Argument of type '\\"B\\"' is not assignable to parameter of type '\\"A\\"'."`;

exports[`Argument of type '"r"' is not assignable to parameter of type '"l"'. (type) should match snapshot 1`] = `"Argument of type '\\"r\\"' is not assignable to parameter of type '\\"l\\"'."`;

exports[`Argument of type 'string' is not assignable to parameter of type 'number'. (type) should match snapshot 1`] = `"Argument of type 'string' is not assignable to parameter of type 'number'."`;

exports[`Close (type) should match snapshot 1`] = `"any"`;

exports[`Promise<["l", [number, Close]]> (type) should match snapshot 1`] = `"any"`;

exports[`Property 'r' is missing in type '{ l: (k: number) => Close; }'. (type) should match snapshot 1`] = `
"Argument of type 'Select<\\"A\\", { l: (k: number) => Close; }>' is not assignable to parameter of type 'Select<\\"A\\", { r: (k: number) => Close; }>'.
  Property 'r' is missing in type '{ l: (k: number) => Close; }' but required in type '{ r: (k: number) => Close; }'."
`;

exports[`Type '"A"' is not assignable to type '"B"'. (type) should match snapshot 1`] = `
"Argument of type 'Select<\\"A\\", { l: (k: number) => Close; }>' is not assignable to parameter of type 'Select<\\"B\\", { l: (k: number) => Close; }>'.
  Type '\\"A\\"' is not assignable to type '\\"B\\"'."
`;

exports[`Type '"B"' is not assignable to type '"A"'. (type) should match snapshot 1`] = `
"Argument of type 'Offer<\\"B\\", [\\"l\\", [number, Close]]>' is not assignable to parameter of type 'Offer<\\"A\\", [\\"l\\", [number, Close]]>'.
  Type '\\"B\\"' is not assignable to type '\\"A\\"'."
`;

exports[`Type '"l"' is not assignable to type '"r"'. (type) should match snapshot 1`] = `
"Argument of type 'Offer<\\"B\\", [\\"l\\", [number, Close]]>' is not assignable to parameter of type 'Offer<\\"B\\", [\\"r\\", [number, Close]]>'.
  Type '[\\"l\\", [number, Close]]' is not assignable to type '[\\"r\\", [number, Close]]'.
    Type '\\"l\\"' is not assignable to type '\\"r\\"'."
`;

exports[`Type '"r"' does not satisfy the constraint '"l"'. (type) should match snapshot 1`] = `"Type '\\"r\\"' does not satisfy the constraint '\\"l\\"'."`;

exports[`Type 'number' is not assignable to type 'string'. (type) should match snapshot 1`] = `
"Argument of type 'Offer<\\"B\\", [\\"l\\", [number, Close]]>' is not assignable to parameter of type 'Offer<\\"B\\", [\\"l\\", [string, Close]]>'.
  Type '[\\"l\\", [number, Close]]' is not assignable to type '[\\"l\\", [string, Close]]'.
    Type '[number, Close]' is not assignable to type '[string, Close]'.
      Type 'number' is not assignable to type 'string'."
`;

exports[`Type 'string' is not assignable to type 'number'. (type) should match snapshot 1`] = `
"Argument of type 'Select<\\"A\\", { l: (k: number) => Close; }>' is not assignable to parameter of type 'Select<\\"A\\", { l: (k: string) => Close; }>'.
  Type '{ l: (k: number) => Close; }' is not assignable to type '{ l: (k: string) => Close; }'.
    Types of property 'l' are incompatible.
      Type '(k: number) => Close' is not assignable to type '(k: string) => Close'.
        Types of parameters 'k' and 'k' are incompatible.
          Type 'string' is not assignable to type 'number'."
`;
